#-----------------------------------------------------------
# Vivado v2020.1 (64-bit)
# SW Build 2902540 on Wed May 27 19:54:49 MDT 2020
# IP Build 2902112 on Wed May 27 22:43:36 MDT 2020
# Start of session at: Mon Apr 12 21:55:46 2021
# Process ID: 16548
# Current directory: C:/Users/andre/Documents/GitHub/UofCProjectHermes/eBPF_Core
# Command line: vivado.exe -gui_launcher_event rodinguilauncherevent8076 C:\Users\andre\Documents\GitHub\UofCProjectHermes\eBPF_Core\eBPF_Core.xpr
# Log file: C:/Users/andre/Documents/GitHub/UofCProjectHermes/eBPF_Core/vivado.log
# Journal file: C:/Users/andre/Documents/GitHub/UofCProjectHermes/eBPF_Core\vivado.jou
#-----------------------------------------------------------
start_gui
open_project C:/Users/andre/Documents/GitHub/UofCProjectHermes/eBPF_Core/eBPF_Core.xpr
update_compile_order -fileset sources_1
launch_simulation
# Disabling source management mode.  This is to allow the top design properties to be set without GUI intervention.
set_property source_mgmt_mode None [current_project]
set_property top CPU [current_fileset]
# Re-enabling previously disabled source management mode.
set_property source_mgmt_mode All [current_project]
update_compile_order -fileset sources_1
launch_simulation
export_ip_user_files -of_objects  [get_files C:/Users/andre/Documents/GitHub/UofCProjectHermes/eBPF_Core/eBPF_Core.srcs/sources_1/new/Hermes_top.sv] -no_script -reset -force -quiet
remove_files  C:/Users/andre/Documents/GitHub/UofCProjectHermes/eBPF_Core/eBPF_Core.srcs/sources_1/new/Hermes_top.sv
launch_simulation
# Disabling source management mode.  This is to allow the top design properties to be set without GUI intervention.
set_property source_mgmt_mode None [current_project]
set_property top CPU_tb [get_filesets sim_1]
set_property top_lib xil_defaultlib [get_filesets sim_1]
set_property top_file C:/Users/andre/Documents/GitHub/UofCProjectHermes/eBPF_Core/eBPF_Core.srcs/sim_1/new/CPU_tb.sv [get_filesets sim_1]
# Re-enabling previously disabled source management mode.
set_property source_mgmt_mode All [current_project]
update_compile_order -fileset sim_1
launch_simulation
open_wave_config C:/Users/andre/Documents/GitHub/UofCProjectHermes/eBPF_Core/CPU_tb_behav.wcfg
open_wave_config C:/Users/andre/Documents/GitHub/UofCProjectHermes/eBPF_Core/tb_Instruction_Mem_interface_behav.wcfg
source CPU_tb.tcl
relaunch_sim
relaunch_sim
relaunch_sim
relaunch_sim
run all
relaunch_sim
run all
relaunch_sim
run all
relaunch_sim
set_property SOURCE_SET sources_1 [get_filesets sim_1]
close [ open C:/Users/andre/Documents/GitHub/UofCProjectHermes/eBPF_Core/eBPF_Core.srcs/sim_1/new/CPU_prime_tb.sv w ]
add_files -fileset sim_1 C:/Users/andre/Documents/GitHub/UofCProjectHermes/eBPF_Core/eBPF_Core.srcs/sim_1/new/CPU_prime_tb.sv
update_compile_order -fileset sim_1
set_property -name {xsim.simulate.runtime} -value {7000ns} -objects [get_filesets sim_1]
# Disabling source management mode.  This is to allow the top design properties to be set without GUI intervention.
set_property source_mgmt_mode None [current_project]
set_property top CPU_prime_tb [get_filesets sim_1]
set_property top_lib xil_defaultlib [get_filesets sim_1]
# Re-enabling previously disabled source management mode.
set_property source_mgmt_mode All [current_project]
update_compile_order -fileset sim_1
relaunch_sim
# Disabling source management mode.  This is to allow the top design properties to be set without GUI intervention.
set_property source_mgmt_mode None [current_project]
set_property top CPU_tb [get_filesets sim_1]
set_property top_lib xil_defaultlib [get_filesets sim_1]
set_property top_file C:/Users/andre/Documents/GitHub/UofCProjectHermes/eBPF_Core/eBPF_Core.srcs/sim_1/new/CPU_tb.sv [get_filesets sim_1]
# Re-enabling previously disabled source management mode.
set_property source_mgmt_mode All [current_project]
update_compile_order -fileset sim_1
relaunch_sim
# Disabling source management mode.  This is to allow the top design properties to be set without GUI intervention.
set_property source_mgmt_mode None [current_project]
set_property top CPU_prime_tb [get_filesets sim_1]
set_property top_lib xil_defaultlib [get_filesets sim_1]
# Re-enabling previously disabled source management mode.
set_property source_mgmt_mode All [current_project]
update_compile_order -fileset sim_1
relaunch_sim
launch_simulation
close_sim
launch_simulation
open_wave_config C:/Users/andre/Documents/GitHub/UofCProjectHermes/eBPF_Core/CPU_tb_behav.wcfg
source CPU_prime_tb.tcl
relaunch_sim
relaunch_sim
relaunch_sim
relaunch_sim
set_property -name {xsim.simulate.runtime} -value {11000ns} -objects [get_filesets sim_1]
relaunch_sim
relaunch_sim
run all
save_wave_config {C:/Users/andre/Documents/GitHub/UofCProjectHermes/eBPF_Core/CPU_prime_tb_behav.wcfg}
add_files -fileset sim_1 -norecurse C:/Users/andre/Documents/GitHub/UofCProjectHermes/eBPF_Core/CPU_prime_tb_behav.wcfg
set_property xsim.view {C:/Users/andre/Documents/GitHub/UofCProjectHermes/eBPF_Core/CPU_tb_behav.wcfg C:/Users/andre/Documents/GitHub/UofCProjectHermes/eBPF_Core/tb_Instruction_Mem_interface_behav.wcfg C:/Users/andre/Documents/GitHub/UofCProjectHermes/eBPF_Core/CPU_prime_tb_behav.wcfg} [get_filesets sim_1]
set_property -name {xsim.simulate.log_all_signals} -value {true} -objects [get_filesets sim_1]
close_sim
launch_simulation
open_wave_config C:/Users/andre/Documents/GitHub/UofCProjectHermes/eBPF_Core/CPU_tb_behav.wcfg
open_wave_config C:/Users/andre/Documents/GitHub/UofCProjectHermes/eBPF_Core/CPU_prime_tb_behav.wcfg
source CPU_prime_tb.tcl
run all
run all
relaunch_sim
relaunch_sim
run all
set_property SOURCE_SET sources_1 [get_filesets sim_1]
add_files -fileset sim_1 -norecurse -scan_for_includes {C:/Users/andre/Documents/GitHub/UofCProjectHermes/eBPF_Core/prime_68.bytes.txt C:/Users/andre/Documents/GitHub/UofCProjectHermes/eBPF_Core/prime_68.res.txt}
relaunch_sim
run all
export_ip_user_files -of_objects  [get_files C:/Users/andre/Documents/GitHub/UofCProjectHermes/eBPF_Core/prime_68.bytes.txt] -no_script -reset -force -quiet
remove_files  -fileset sim_1 C:/Users/andre/Documents/GitHub/UofCProjectHermes/eBPF_Core/prime_68.bytes.txt
export_ip_user_files -of_objects  [get_files C:/Users/andre/Documents/GitHub/UofCProjectHermes/eBPF_Core/prime_68.res.txt] -no_script -reset -force -quiet
remove_files  -fileset sim_1 C:/Users/andre/Documents/GitHub/UofCProjectHermes/eBPF_Core/prime_68.res.txt
set_property SOURCE_SET sources_1 [get_filesets sim_1]
add_files -fileset sim_1 -norecurse -scan_for_includes {C:/Users/andre/Documents/GitHub/UofCProjectHermes/eBPF_Core/prime_68.res C:/Users/andre/Documents/GitHub/UofCProjectHermes/eBPF_Core/prime_68.bytes}
relaunch_sim
run all
relaunch_sim
run all
set_property -name {xsim.simulate.runtime} -value {21000ns} -objects [get_filesets sim_1]
relaunch_sim
run all
relaunch_sim
run all
relaunch_sim
relaunch_sim
run all
close_sim
